[INFO] Scanning for projects...
[INFO] 
[INFO] -----------------------< com.locallife:backend >------------------------
[INFO] Building backend 0.1.0-SNAPSHOT
[INFO]   from pom.xml
[INFO] --------------------------------[ jar ]---------------------------------
[INFO] 
[INFO] --- clean:3.5.0:clean (default-clean) @ backend ---
[INFO] Deleting C:\Users\Basset\Documents\projet\LocalLife\backend\target
[INFO] 
[INFO] >>> spring-boot:4.1.0:run (default-cli) > test-compile @ backend >>>
[INFO] 
[INFO] --- spring-boot:4.1.0:build-info (default) @ backend ---
[INFO] 
[INFO] --- resources:3.5.0:resources (default-resources) @ backend ---
[INFO] Copying 5 resources from src\main\resources to target\classes
[INFO] Copying 1 resource from src\main\resources to target\classes
[INFO] 
[INFO] --- compiler:3.15.0:compile (default-compile) @ backend ---
[INFO] Recompiling the module because of changed source code.
[INFO] Compiling 1 source file with javac [debug parameters release 21] to target\classes
[INFO] 
[INFO] --- resources:3.5.0:testResources (default-testResources) @ backend ---
[INFO] skip non existing resourceDirectory C:\Users\Basset\Documents\projet\LocalLife\backend\src\test\resources
[INFO] 
[INFO] --- compiler:3.15.0:testCompile (default-testCompile) @ backend ---
[INFO] Recompiling the module because of changed dependency.
[INFO] Compiling 1 source file with javac [debug parameters release 21] to target\test-classes
[INFO] 
[INFO] <<< spring-boot:4.1.0:run (default-cli) < test-compile @ backend <<<
[INFO] 
[INFO] 
[INFO] --- spring-boot:4.1.0:run (default-cli) @ backend ---
[INFO] Attaching agents: []

  .   ____          _            __ _ _
 /\\ / ___'_ __ _ _(_)_ __  __ _ \ \ \ \
( ( )\___ | '_ | '_| | '_ \/ _` | \ \ \ \
 \\/  ___)| |_)| | | | | || (_| |  ) ) ) )
  '  |____| .__|_| |_|_| |_\__, | / / / /
 =========|_|==============|___/=/_/_/_/

 :: Spring Boot ::                (v4.1.0)

2026-08-06T10:55:14.214+02:00  INFO 10064 --- [backend] [           main] c.locallife.backend.BackendApplication   : Starting BackendApplication using Java 21.0.11 with PID 10064 (C:\Users\Basset\Documents\projet\LocalLife\backend\target\classes started by Basset in C:\Users\Basset\Documents\projet\LocalLife\backend)
2026-08-06T10:55:14.214+02:00  INFO 10064 --- [backend] [           main] c.locallife.backend.BackendApplication   : The following 1 profile is active: "local"
2026-08-06T10:55:16.201+02:00  INFO 10064 --- [backend] [           main] o.s.boot.tomcat.TomcatWebServer          : Tomcat initialized with port 8080 (http)
2026-08-06T10:55:16.308+02:00  INFO 10064 --- [backend] [           main] o.apache.catalina.core.StandardService   : Starting service [Tomcat]
2026-08-06T10:55:16.308+02:00  INFO 10064 --- [backend] [           main] o.apache.catalina.core.StandardEngine    : Starting Servlet engine: [Apache Tomcat/11.0.22]
2026-08-06T10:55:16.382+02:00  INFO 10064 --- [backend] [           main] b.w.c.s.WebApplicationContextInitializer : Root WebApplicationContext: initialization completed in 2083 ms
2026-08-06T10:55:17.466+02:00  INFO 10064 --- [backend] [           main] o.s.b.a.e.web.EndpointLinksResolver      : Exposing 2 endpoints beneath base path '/actuator'
2026-08-06T10:55:17.539+02:00  INFO 10064 --- [backend] [           main] o.s.boot.tomcat.TomcatWebServer          : Tomcat started on port 8080 (http) with context path '/'
2026-08-06T10:55:17.539+02:00  INFO 10064 --- [backend] [           main] c.locallife.backend.BackendApplication   : Started BackendApplication in 3.872 seconds (process running for 4.359)
2026-08-06T10:55:17.619+02:00  WARN 10064 --- [backend] [           main] o.s.core.events.SpringDocAppInitializer  : SpringDoc /v3/api-docs endpoint is enabled by default. To disable it in production, set the property 'springdoc.api-docs.enabled=false'
2026-08-06T10:55:17.619+02:00  WARN 10064 --- [backend] [           main] o.s.core.events.SpringDocAppInitializer  : SpringDoc /swagger-ui.html endpoint is enabled by default. To disable it in production, set the property 'springdoc.swagger-ui.enabled=false'
2026-08-06T10:56:50.452+02:00  INFO 10064 --- [backend] [ionShutdownHook] o.s.boot.tomcat.GracefulShutdown         : Commencing graceful shutdown. Waiting for active requests to complete
2026-08-06T10:56:50.484+02:00  INFO 10064 --- [backend] [tomcat-shutdown] o.s.boot.tomcat.GracefulShutdown         : Graceful shutdown complete
[INFO] ------------------------------------------------------------------------
[INFO] BUILD SUCCESS
[INFO] ------------------------------------------------------------------------
[INFO] Total time:  01:43 min
[INFO] Finished at: 2026-08-06T10:56:50+02:00
[INFO] ------------------------------------------------------------------------
Terminer le programme de commandes (O/N)ÿ? ^C
